// Vitest Snapshot v1, https://vitest.dev/guide/snapshot.html

exports[`OrderBundleEditPanel body part search > 放射線の部位検索はキーワード入力で自動検索され、スナップショットに反映される 1`] = `
<div>
  <section
    class="charts-side-panel__section"
    data-test-id="radiologyOrder-edit-panel"
  >
    <header
      class="charts-side-panel__section-header"
    >
      <div>
        <strong>
          放射線
        </strong>
        <p>
          RP単位/オーダー束を編集し、カルテ展開/保存の導線で反映します。
        </p>
      </div>
      <button
        class="charts-side-panel__ghost"
        type="button"
      >
        新規入力
      </button>
    </header>
    <div
      class="charts-side-panel__subsection"
    >
      <div
        class="charts-side-panel__subheader"
      >
        <strong>
          スタンプ保存/取り込み
        </strong>
      </div>
      <div
        class="charts-side-panel__field"
      >
        <label
          for="radiologyOrder-stamp-name"
        >
          スタンプ名称
        </label>
        <input
          id="radiologyOrder-stamp-name"
          placeholder="例: 降圧薬セット"
          value=""
        />
      </div>
      <div
        class="charts-side-panel__field-row"
      >
        <div
          class="charts-side-panel__field"
        >
          <label
            for="radiologyOrder-stamp-category"
          >
            分類
          </label>
          <input
            id="radiologyOrder-stamp-category"
            list="radiologyOrder-stamp-category-list"
            placeholder="例: 院内セット"
            value=""
          />
          <datalist
            id="radiologyOrder-stamp-category-list"
          />
        </div>
        <div
          class="charts-side-panel__field"
        >
          <label
            for="radiologyOrder-stamp-target"
          >
            対象
          </label>
          <select
            id="radiologyOrder-stamp-target"
          >
            <option
              value="medOrder"
            >
              処方
            </option>
            <option
              value="generalOrder"
            >
              処置/検査/指示
            </option>
            <option
              value="injectionOrder"
            >
              注射
            </option>
            <option
              value="treatmentOrder"
            >
              処置
            </option>
            <option
              value="surgeryOrder"
            >
              手術
            </option>
            <option
              value="testOrder"
            >
              検査
            </option>
            <option
              value="physiologyOrder"
            >
              生理検査
            </option>
            <option
              value="bacteriaOrder"
            >
              細菌検査
            </option>
            <option
              value="radiologyOrder"
            >
              放射線
            </option>
            <option
              value="otherOrder"
            >
              その他
            </option>
          </select>
        </div>
      </div>
      <div
        class="charts-side-panel__field"
      >
        <label
          for="radiologyOrder-stamp-select"
        >
          既存スタンプ
        </label>
        <select
          id="radiologyOrder-stamp-select"
        >
          <option
            value=""
          >
            選択してください
          </option>
        </select>
      </div>
      <div
        class="charts-side-panel__actions"
      >
        <button
          type="button"
        >
          スタンプ保存
        </button>
        <button
          type="button"
        >
          スタンプ取り込み
        </button>
      </div>
      <div
        class="charts-side-panel__actions"
      >
        <button
          type="button"
        >
          スタンプコピー
        </button>
        <button
          type="button"
        >
          スタンプペースト
        </button>
      </div>
      <p
        class="charts-side-panel__message"
      >
        取り込み後は内容を確認し、必要に応じて編集してから「展開する」「展開継続する」または「保存して追加」で反映してください。
      </p>
    </div>
    <form
      class="charts-side-panel__form"
    >
      <div
        class="charts-side-panel__field"
      >
        <label
          for="radiologyOrder-bundle-name"
        >
          放射線オーダー名
        </label>
        <input
          id="radiologyOrder-bundle-name"
          placeholder="例: 降圧薬RP"
          value=""
        />
      </div>
      <div
        class="charts-side-panel__field-row"
      >
        <div
          class="charts-side-panel__field"
        >
          <label
            for="radiologyOrder-admin"
          >
            用法
          </label>
          <input
            id="radiologyOrder-admin"
            placeholder="例: 1日1回 朝"
            value=""
          />
        </div>
        <div
          class="charts-side-panel__field"
        >
          <label
            for="radiologyOrder-bundle-number"
          >
            回数
          </label>
          <input
            id="radiologyOrder-bundle-number"
            placeholder="1"
            value="1"
          />
        </div>
      </div>
      <div
        class="charts-side-panel__subsection charts-side-panel__subsection--search"
      >
        <div
          class="charts-side-panel__subheader"
        >
          <strong>
            用法検索
          </strong>
          <span
            class="charts-side-panel__search-count"
          />
        </div>
        <div
          class="charts-side-panel__field-row"
        >
          <div
            class="charts-side-panel__field"
          >
            <label
              for="radiologyOrder-usage-keyword"
            >
              キーワード
            </label>
            <input
              id="radiologyOrder-usage-keyword"
              placeholder="例: 1日1回"
              value=""
            />
          </div>
          <div
            class="charts-side-panel__field"
          >
            <label
              for="radiologyOrder-usage-filter"
            >
              用法フィルタ
            </label>
            <select
              id="radiologyOrder-usage-filter"
            >
              <option
                value=""
              >
                用法選択
              </option>
              <option
                value="0010001"
              >
                内服1回等(100)
              </option>
              <option
                value="0010002"
              >
                内服2回等(200)
              </option>
              <option
                value="0010003"
              >
                内服3回等(300)
              </option>
              <option
                value="0010004"
              >
                内服4回等(400)
              </option>
              <option
                value="(0010005|0010007)"
              >
                点眼等(500,700)
              </option>
              <option
                value="0010006"
              >
                塗布等(600)
              </option>
              <option
                value="0010008"
              >
                頓用等(800)
              </option>
              <option
                value="0010009"
              >
                吸入等(900)
              </option>
              <option
                value="001"
              >
                全て
              </option>
            </select>
          </div>
        </div>
        <div
          class="charts-side-panel__field-row"
        >
          <div
            class="charts-side-panel__field"
          >
            <label
              class="charts-side-panel__toggle"
            >
              <input
                type="checkbox"
              />
              部分一致
            </label>
          </div>
          <div
            class="charts-side-panel__field"
          >
            <label
              for="radiologyOrder-usage-limit"
            >
              件数上限
            </label>
            <select
              id="radiologyOrder-usage-limit"
            >
              <option
                value="20"
              >
                20
                件
              </option>
              <option
                value="50"
              >
                50
                件
              </option>
              <option
                value="100"
              >
                100
                件
              </option>
            </select>
          </div>
        </div>
      </div>
      <div
        class="charts-side-panel__field"
      >
        <label
          for="radiologyOrder-start"
        >
          開始日
        </label>
        <input
          id="radiologyOrder-start"
          type="date"
          value="2026-01-21"
        />
      </div>
      <div
        class="charts-side-panel__field"
      >
        <label
          for="radiologyOrder-memo"
        >
          メモ
        </label>
        <textarea
          id="radiologyOrder-memo"
          placeholder="コメントを入力"
        />
      </div>
      <div
        class="charts-side-panel__subsection charts-side-panel__subsection--search"
      >
        <div
          class="charts-side-panel__subheader"
        >
          <strong>
            部位
          </strong>
          <span
            class="charts-side-panel__status charts-side-panel__status--warn"
          >
            未入力
          </span>
        </div>
        <div
          class="charts-side-panel__field-row"
        >
          <div
            class="charts-side-panel__field"
          >
            <label
              for="radiologyOrder-bodypart"
            >
              部位
            </label>
            <input
              id="radiologyOrder-bodypart"
              placeholder="例: 胸部"
              value=""
            />
          </div>
          <div
            class="charts-side-panel__field"
          >
            <label
              for="radiologyOrder-bodypart-keyword"
            >
              部位検索
            </label>
            <input
              id="radiologyOrder-bodypart-keyword"
              placeholder="例: 胸"
              value="胸"
            />
          </div>
        </div>
        <div
          class="charts-side-panel__actions"
        >
          <button
            type="button"
          >
            部位検索
          </button>
          <button
            disabled=""
            type="button"
          >
            部位クリア
          </button>
        </div>
        <div
          class="charts-side-panel__search-count"
        >
          1件
        </div>
        <div
          class="charts-side-panel__search-table"
        >
          <div
            class="charts-side-panel__search-header"
          >
            <span>
              コード
            </span>
            <span>
              名称
            </span>
            <span>
              単位
            </span>
            <span>
              分類
            </span>
            <span>
              備考
            </span>
          </div>
          <button
            class="charts-side-panel__search-row"
            type="button"
          >
            <span>
              002001
            </span>
            <span>
              胸部
            </span>
            <span>
              部位
            </span>
            <span>
              2
            </span>
            <span>
              -
            </span>
          </button>
        </div>
      </div>
      <div
        class="charts-side-panel__subsection charts-side-panel__subsection--search"
      >
        <div
          class="charts-side-panel__subheader"
        >
          <strong>
            マスタ検索
          </strong>
          <span
            class="charts-side-panel__search-count"
          />
        </div>
        <div
          class="charts-side-panel__field-row"
        >
          <div
            class="charts-side-panel__field"
          >
            <label
              for="radiologyOrder-master-keyword"
            >
              キーワード
            </label>
            <input
              id="radiologyOrder-master-keyword"
              placeholder="例: アムロジピン"
              value=""
            />
          </div>
          <div
            class="charts-side-panel__field"
          >
            <label
              for="radiologyOrder-master-type"
            >
              検索種別
            </label>
            <select
              id="radiologyOrder-master-type"
            >
              <option
                value="generic-class"
              >
                医薬品（一般）
              </option>
              <option
                value="youhou"
              >
                用法
              </option>
              <option
                value="material"
              >
                材料
              </option>
              <option
                value="kensa-sort"
              >
                検査区分
              </option>
              <option
                value="etensu"
              >
                点数
              </option>
            </select>
          </div>
        </div>
      </div>
      <div
        class="charts-side-panel__subsection"
      >
        <div
          class="charts-side-panel__subheader"
        >
          <strong>
            薬剤/項目
          </strong>
          <div
            class="charts-side-panel__subheader-actions"
          >
            <button
              class="charts-side-panel__ghost"
              type="button"
            >
              追加
            </button>
            <button
              class="charts-side-panel__row-delete"
              type="button"
            >
              選択行削除
            </button>
            <button
              class="charts-side-panel__ghost charts-side-panel__ghost--danger"
              type="button"
            >
              全クリア
            </button>
          </div>
        </div>
        <div
          class="charts-side-panel__item-row charts-side-panel__item-row--selected"
          data-rowid="mknj9o4t-henbgn"
          data-testid="order-bundle-item-row"
        >
          <button
            aria-label="行 1 をドラッグして並べ替え"
            class="charts-side-panel__drag-handle"
            draggable="true"
            type="button"
          >
            ≡
          </button>
          <input
            placeholder="項目名"
            value=""
          />
          <input
            placeholder="数量"
            value=""
          />
          <input
            placeholder="単位"
            value=""
          />
          <button
            aria-label="行 1 を削除"
            class="charts-side-panel__icon"
            type="button"
          >
            ✕
          </button>
        </div>
      </div>
      <div
        class="charts-side-panel__subsection"
      >
        <div
          class="charts-side-panel__subheader"
        >
          <strong>
            コメントコード
          </strong>
        </div>
        <p
          class="charts-side-panel__message"
        >
          コメントコードは指示/コメントをコード行として登録します。自由記述は上部のメモ欄を使用してください。
        </p>
        <div
          class="charts-side-panel__item-row charts-side-panel__item-row--comment"
        >
          <input
            placeholder="コード"
            value=""
          />
          <input
            placeholder="コメント内容"
            value=""
          />
          <input
            placeholder="数量"
            value=""
          />
          <input
            placeholder="単位"
            value=""
          />
          <button
            class="charts-side-panel__ghost"
            disabled=""
            type="button"
          >
            追加
          </button>
        </div>
      </div>
      <p
        class="charts-side-panel__message"
      >
        展開: カルテへ反映 / 展開継続: 反映後に入力を保持 / 保存: オーダー束を保存
      </p>
      <div
        class="charts-side-panel__actions"
      >
        <button
          type="button"
        >
          展開する
        </button>
        <button
          type="button"
        >
          展開継続する
        </button>
        <button
          type="submit"
        >
          保存して追加
        </button>
      </div>
    </form>
    <div
      aria-live="polite"
      class="charts-side-panel__list"
    >
      <div
        class="charts-side-panel__list-header"
      >
        <span>
          登録済み
          放射線
        </span>
        <span>
          0件
        </span>
      </div>
      <p
        class="charts-side-panel__empty"
      >
        登録はまだありません。
      </p>
    </div>
  </section>
</div>
`;
